[tailwindcss.com/docs/installation.html]
[backblue.gif]
[fade.gif]
[index.html]
[tailwindcss.com/favicons/apple-touch-icon30f4.png]
[tailwindcss.com/favicons/favicon-32x3230f4.png]
[tailwindcss.com/favicons/favicon-16x1630f4.png]
[tailwindcss.com/_next/static/css/595e7c071605ed96.css]
[tailwindcss.com/_next/static/chunks/polyfills-c67a75d1b6f99dc8.js]
[tailwindcss.com/_next/static/chunks/webpack-e81585bb9a6b8f4d.js]
[tailwindcss.com/_next/static/chunks/framework-ce84985cd166733a.js]
[tailwindcss.com/_next/static/chunks/main-78bff94cbf1c228a.js]
[tailwindcss.com/_next/static/chunks/pages/_app-40c7c9cc56544eff.js]
[tailwindcss.com/_next/static/chunks/9495-46c580ff12853009.js]
[tailwindcss.com/_next/static/chunks/7308-c2d4d534ff59ffd6.js]
[tailwindcss.com/_next/static/chunks/7667-a32c3dd2eff1b029.js]
[tailwindcss.com/_next/static/chunks/5104-289a02b2c3bb759c.js]
[tailwindcss.com/_next/static/chunks/pages/docs/installation-77c9191f1025e7dd.js]
[tailwindcss.com/_next/static/ffkvbq-9wIKZ6hQoCxr08/_buildManifest.js]
[tailwindcss.com/_next/static/ffkvbq-9wIKZ6hQoCxr08/_ssgManifest.js]
[tailwindcss.com/_next/static/media/docs@tinypng.d9e4dcdc.png]
[tailwindcss.com/_next/static/media/docs-dark@tinypng.1bbe175e.png]
[tailwindcss.com/docs/editor-setup]
[tailwindcss.com/docs/using-with-preprocessors]
[tailwindcss.com/docs/optimizing-for-production]
[tailwindcss.com/docs/browser-support]
[tailwindcss.com/docs/upgrade-guide]
[tailwindcss.com/docs/utility-first]
[tailwindcss.com/docs/hover-focus-and-other-states]
[tailwindcss.com/docs/responsive-design]
[tailwindcss.com/docs/dark-mode]
[tailwindcss.com/docs/reusing-styles]
[tailwindcss.com/docs/adding-custom-styles]
[tailwindcss.com/docs/functions-and-directives]
[tailwindcss.com/docs/configuration]
[tailwindcss.com/docs/content-configuration]
[tailwindcss.com/docs/theme]
[tailwindcss.com/docs/screens]
[tailwindcss.com/docs/customizing-colors]
[tailwindcss.com/docs/customizing-spacing]
[tailwindcss.com/docs/plugins]
[tailwindcss.com/docs/presets]
[tailwindcss.com/docs/preflight]
[tailwindcss.com/docs/aspect-ratio]
[tailwindcss.com/docs/container]
[tailwindcss.com/docs/break-after]
[tailwindcss.com/docs/columns]
[tailwindcss.com/docs/break-before]
[tailwindcss.com/docs/break-inside]
[tailwindcss.com/docs/box-decoration-break]
[tailwindcss.com/docs/box-sizing]
[tailwindcss.com/docs/display]
[tailwindcss.com/docs/float]
[tailwindcss.com/docs/clear]
[tailwindcss.com/docs/isolation]
[tailwindcss.com/docs/object-fit]
[tailwindcss.com/docs/object-position]
[tailwindcss.com/docs/overflow]
[tailwindcss.com/docs/overscroll-behavior]
[tailwindcss.com/docs/position]
[tailwindcss.com/docs/visibility]
[tailwindcss.com/docs/top-right-bottom-left]
[tailwindcss.com/docs/z-index]
[tailwindcss.com/docs/flex-basis]
[tailwindcss.com/docs/flex-direction]
[tailwindcss.com/docs/flex-wrap]
[tailwindcss.com/docs/flex]
[tailwindcss.com/docs/flex-grow]
[tailwindcss.com/docs/flex-shrink]
[tailwindcss.com/docs/grid-template-columns]
[tailwindcss.com/docs/order]
[tailwindcss.com/docs/grid-column]
[tailwindcss.com/docs/grid-template-rows]
[tailwindcss.com/docs/grid-row]
[tailwindcss.com/docs/grid-auto-flow]
[tailwindcss.com/docs/grid-auto-columns]
[tailwindcss.com/docs/grid-auto-rows]
[tailwindcss.com/docs/gap]
[tailwindcss.com/docs/justify-content]
[tailwindcss.com/docs/justify-items]
[tailwindcss.com/docs/justify-self]
[tailwindcss.com/docs/align-content]
[tailwindcss.com/docs/align-items]
[tailwindcss.com/docs/align-self]
[tailwindcss.com/docs/place-content]
[tailwindcss.com/docs/place-items]
[tailwindcss.com/docs/place-self]
[tailwindcss.com/docs/padding]
[tailwindcss.com/docs/margin]
[tailwindcss.com/docs/space]
[tailwindcss.com/docs/width]
[tailwindcss.com/docs/min-width]
[tailwindcss.com/docs/max-width]
[tailwindcss.com/docs/height]
[tailwindcss.com/docs/min-height]
[tailwindcss.com/docs/max-height]
[tailwindcss.com/docs/size]
[tailwindcss.com/docs/font-family]
[tailwindcss.com/docs/font-size]
[tailwindcss.com/docs/font-smoothing]
[tailwindcss.com/docs/font-style]
[tailwindcss.com/docs/font-variant-numeric]
[tailwindcss.com/docs/font-weight]
[tailwindcss.com/docs/letter-spacing]
[tailwindcss.com/docs/line-clamp]
[tailwindcss.com/docs/line-height]
[tailwindcss.com/docs/list-style-image]
[tailwindcss.com/docs/list-style-position]
[tailwindcss.com/docs/list-style-type]
[tailwindcss.com/docs/text-align]
[tailwindcss.com/docs/text-color]
[tailwindcss.com/docs/text-decoration]
[tailwindcss.com/docs/text-decoration-color]
[tailwindcss.com/docs/text-decoration-style]
[tailwindcss.com/docs/text-decoration-thickness]
[tailwindcss.com/docs/text-underline-offset]
[tailwindcss.com/docs/text-transform]
[tailwindcss.com/docs/text-overflow]
[tailwindcss.com/docs/text-wrap]
[tailwindcss.com/docs/text-indent]
[tailwindcss.com/docs/vertical-align]
[tailwindcss.com/docs/whitespace]
[tailwindcss.com/docs/word-break]
[tailwindcss.com/docs/hyphens]
[tailwindcss.com/docs/content]
[tailwindcss.com/docs/background-attachment]
[tailwindcss.com/docs/background-clip]
[tailwindcss.com/docs/background-color]
[tailwindcss.com/docs/background-origin]
[tailwindcss.com/docs/background-position]
[tailwindcss.com/docs/background-repeat]
[tailwindcss.com/docs/background-size]
[tailwindcss.com/docs/background-image]
[tailwindcss.com/docs/gradient-color-stops]
[tailwindcss.com/docs/border-radius]
[tailwindcss.com/docs/border-width]
[tailwindcss.com/docs/border-style]
[tailwindcss.com/docs/divide-color]
[tailwindcss.com/docs/border-color]
[tailwindcss.com/docs/divide-width]
[tailwindcss.com/docs/divide-style]
[tailwindcss.com/docs/outline-width]
[tailwindcss.com/docs/outline-color]
[tailwindcss.com/docs/outline-style]
[tailwindcss.com/docs/outline-offset]
[tailwindcss.com/docs/ring-width]
[tailwindcss.com/docs/ring-color]
[tailwindcss.com/docs/ring-offset-width]
[tailwindcss.com/docs/ring-offset-color]
[tailwindcss.com/docs/box-shadow]
[tailwindcss.com/docs/box-shadow-color]
[tailwindcss.com/docs/opacity]
[tailwindcss.com/docs/mix-blend-mode]
[tailwindcss.com/docs/blur]
[tailwindcss.com/docs/brightness]
[tailwindcss.com/docs/drop-shadow]
[tailwindcss.com/docs/background-blend-mode]
[tailwindcss.com/docs/grayscale]
[tailwindcss.com/docs/invert]
[tailwindcss.com/docs/hue-rotate]
[tailwindcss.com/docs/saturate]
[tailwindcss.com/docs/sepia]
[tailwindcss.com/docs/contrast]
[tailwindcss.com/docs/backdrop-blur]
[tailwindcss.com/docs/backdrop-brightness]
[tailwindcss.com/docs/backdrop-contrast]
[tailwindcss.com/docs/backdrop-grayscale]
[tailwindcss.com/docs/backdrop-hue-rotate]
[tailwindcss.com/docs/backdrop-invert]
[tailwindcss.com/docs/backdrop-opacity]
[tailwindcss.com/docs/backdrop-saturate]
[tailwindcss.com/docs/backdrop-sepia]
[tailwindcss.com/docs/border-collapse]
[tailwindcss.com/docs/border-spacing]
[tailwindcss.com/docs/table-layout]
[tailwindcss.com/docs/caption-side]
[tailwindcss.com/docs/transition-property]
[tailwindcss.com/docs/transition-duration]
[tailwindcss.com/docs/transition-timing-function]
[tailwindcss.com/docs/transition-delay]
[tailwindcss.com/docs/animation]
[tailwindcss.com/docs/scale]
[tailwindcss.com/docs/rotate]
[tailwindcss.com/docs/translate]
[tailwindcss.com/docs/skew]
[tailwindcss.com/docs/transform-origin]
[tailwindcss.com/docs/accent-color]
[tailwindcss.com/docs/appearance]
[tailwindcss.com/docs/cursor]
[tailwindcss.com/docs/caret-color]
[tailwindcss.com/docs/pointer-events]
[tailwindcss.com/docs/resize]
[tailwindcss.com/docs/scroll-behavior]
[tailwindcss.com/docs/scroll-margin]
[tailwindcss.com/docs/scroll-padding]
[tailwindcss.com/docs/scroll-snap-align]
[tailwindcss.com/docs/scroll-snap-stop]
[tailwindcss.com/docs/scroll-snap-type]
[tailwindcss.com/docs/touch-action]
[tailwindcss.com/docs/user-select]
[tailwindcss.com/docs/will-change]
[tailwindcss.com/docs/fill]
[tailwindcss.com/docs/stroke]
[tailwindcss.com/docs/stroke-width]
[tailwindcss.com/docs/screen-readers]
[tailwindcss.com/docs/installation/using-postcss.html]
[tailwindcss.com/docs/installation/framework-guides]
[tailwindcss.com/docs/forced-color-adjust]
[tailwindcss.com/docs/installation/play-cdn.html]
[tailwindcss.com/_next/static/media/installation.50c59fdd.jpg]
[tailwindcss.com/_next/static/media/utility-first.cd92b016.png]
[tailwindcss.com/_next/static/media/utility-first.f45fe5d8.png]
[tailwindcss.com/_next/static/media/mobile-first.b61c76c9.png]
[tailwindcss.com/_next/static/media/mobile-first.99f7f4f6.png]
[tailwindcss.com/_next/static/media/state-variants.85fa7325.png]
[tailwindcss.com/_next/static/media/state-variants.68635530.png]
[tailwindcss.com/_next/static/media/dark-mode.12db1733.png]
[tailwindcss.com/_next/static/media/dark-mode.8de2f1a4.png]
[tailwindcss.com/_next/static/media/component-driven.82a66c3c.png]
[tailwindcss.com/_next/static/media/component-driven.e5869471.png]
[tailwindcss.com/_next/static/media/customization.28527ae6.png]
[tailwindcss.com/_next/static/media/customization.706308a2.png]
[tailwindcss.com/docs/installation.html]
[tailwindcss.com/what_a_rush.png]
[tailwindcss.com/_next/static/css/595e7c071605ed96.css]
[tailwindcss.com/_next/static/chunks/05d954cf-dc9b147d2dabe14b.js]
[tailwindcss.com/_next/static/chunks/3306-793601baca4c3904.js]
[tailwindcss.com/_next/static/chunks/224-63dcdd1afe7fd13e.js]
[tailwindcss.com/_next/static/chunks/pages/docs/editor-setup-b1bc12d6b50ff40d.js]
[tailwindcss.com/_next/static/media/intellisense.c22de782.png]
[tailwindcss.com/_next/static/media/prettier-banner.79c40690.jpg]
[tailwindcss.com/img/refactoring-ui-sidebar.png]
[tailwindcss.com/docs/editor-setup]
[tailwindcss.com/docs/using-with-preprocessors]
[tailwindcss.com/_next/static/chunks/pages/docs/using-with-preprocessors-1c4e70903cc85baa.js]
[tailwindcss.com/_next/static/css/f632346b72d80b26.css]
[tailwindcss.com/_next/static/chunks/9994-6ac982410af6259c.js]
[tailwindcss.com/_next/static/chunks/9812-084fefd10151749e.js]
[tailwindcss.com/docs/optimizing-for-production]
[tailwindcss.com/_next/static/chunks/pages/docs/optimizing-for-production-9be226de9ccdc246.js]
[tailwindcss.com/docs/browser-support]
[tailwindcss.com/_next/static/chunks/pages/docs/browser-support-f6b5bb9c5bc2c6d1.js]
[tailwindcss.com/docs/upgrade-guide]
[tailwindcss.com/_next/static/chunks/pages/docs/upgrade-guide-478b60abef668504.js]
[tailwindcss.com/_next/static/chunks/pages/docs/utility-first-80a69ff3699bb7a5.js]
[tailwindcss.com/img/erin-lindford.jpg]
[tailwindcss.com/docs/utility-first]
[tailwindcss.com/docs/hover-focus-and-other-states]
[tailwindcss.com/_next/static/chunks/pages/docs/hover-focus-and-other-states-e4e9b47d4c20b746.js]
[tailwindcss.com/_next/static/chunks/pages/docs/responsive-design-34625d8e10efbb19.js]
[tailwindcss.com/docs/responsive-design]
[tailwindcss.com/docs/dark-mode]
[tailwindcss.com/_next/static/chunks/pages/docs/dark-mode-57ecab2800a0c99c.js]
[tailwindcss.com/docs/reusing-styles]
[tailwindcss.com/_next/static/chunks/pages/docs/reusing-styles-f0897d49fa493835.js]
[tailwindcss.com/docs/adding-custom-styles]
[tailwindcss.com/_next/static/chunks/pages/docs/adding-custom-styles-fdf2d1645e1de776.js]
[tailwindcss.com/docs/functions-and-directives]
[tailwindcss.com/_next/static/chunks/pages/docs/functions-and-directives-9ae86a90cdcd4269.js]
[tailwindcss.com/_next/static/chunks/6225-aef277314e95e2bc.js]
[tailwindcss.com/_next/static/chunks/pages/docs/configuration-b90404833df734dc.js]
[tailwindcss.com/docs/configuration]
[tailwindcss.com/_next/static/chunks/4066-3414699cfcfbb01c.js]
[tailwindcss.com/docs/content-configuration]
[tailwindcss.com/_next/static/chunks/pages/docs/content-configuration-d886d17e6b6768d3.js]
[tailwindcss.com/_next/static/chunks/pages/docs/theme-2f21784e16c73beb.js]
[github.com/tailwindlabs/tailwindcss/blob/master/stubs/config.full.html]
[tailwindcss.com/docs/theme]
[tailwindcss.com/docs/screens]
[tailwindcss.com/_next/static/chunks/pages/docs/screens-f281fc5952cd81c3.js]
[tailwindcss.com/_next/static/chunks/8576-655e1ee8e6bce744.js]
[tailwindcss.com/docs/customizing-colors]
[tailwindcss.com/_next/static/chunks/pages/docs/customizing-colors-f3234cbe05d54056.js]
[tailwindcss.com/docs/customizing-spacing]
[tailwindcss.com/_next/static/chunks/pages/docs/customizing-spacing-a5dca4acb198fe68.js]
[tailwindcss.com/_next/static/chunks/pages/docs/plugins-70452d8d6f801483.js]
[tailwindcss.com/docs/plugins]
[tailwindcss.com/docs/presets]
[tailwindcss.com/_next/static/chunks/pages/docs/presets-7a0624df9cd51d06.js]
[tailwindcss.com/_next/static/chunks/pages/docs/preflight-90fd641eb04d8468.js]
[unpkg.com/tailwindcss@3.4.4/src/css/preflight.css]
[tailwindcss.com/docs/preflight]
[tailwindcss.com/_next/static/chunks/5556-dccf81ce4324681b.js]
[tailwindcss.com/docs/aspect-ratio]
[tailwindcss.com/_next/static/chunks/pages/docs/aspect-ratio-1696e82c1b05d69d.js]
[tailwindcss.com/docs/container]
[tailwindcss.com/_next/static/chunks/pages/docs/container-f6d795f1741f839e.js]
[tailwindcss.com/docs/columns]
[tailwindcss.com/_next/static/chunks/pages/docs/columns-c6cc67064149495f.js]
[tailwindcss.com/docs/break-after]
[tailwindcss.com/_next/static/chunks/pages/docs/break-after-33f25c9bc9b82cfd.js]
[tailwindcss.com/docs/break-before]
[tailwindcss.com/_next/static/chunks/pages/docs/break-before-256f442cef3cc679.js]
[tailwindcss.com/docs/break-inside]
[tailwindcss.com/_next/static/chunks/pages/docs/break-inside-27197b3bdb3bd57d.js]
[tailwindcss.com/docs/box-decoration-break]
[tailwindcss.com/_next/static/chunks/pages/docs/box-decoration-break-db851b6b6e0be880.js]
[tailwindcss.com/docs/box-sizing]
[tailwindcss.com/_next/static/chunks/pages/docs/box-sizing-f4a0a3b446c1cfd6.js]
[tailwindcss.com/docs/display]
[tailwindcss.com/_next/static/chunks/pages/docs/display-3165903b537133b1.js]
[tailwindcss.com/docs/float]
[tailwindcss.com/_next/static/chunks/pages/docs/float-bd24e7c3d6715c8f.js]
[tailwindcss.com/docs/clear]
[tailwindcss.com/_next/static/chunks/pages/docs/clear-7122a7dc2fac35df.js]
[tailwindcss.com/docs/isolation]
[tailwindcss.com/_next/static/chunks/pages/docs/isolation-a60d12671533263d.js]
[tailwindcss.com/docs/object-fit]
[tailwindcss.com/_next/static/chunks/pages/docs/object-fit-19fb6a0cf7ff2024.js]
[tailwindcss.com/docs/object-position]
[tailwindcss.com/_next/static/chunks/pages/docs/object-position-60b6d3528ab05671.js]
[tailwindcss.com/docs/overflow]
[tailwindcss.com/_next/static/chunks/pages/docs/overflow-539774ca80f9ad7b.js]
[tailwindcss.com/docs/overscroll-behavior]
[tailwindcss.com/_next/static/chunks/pages/docs/overscroll-behavior-18f4b775d419715d.js]
[tailwindcss.com/docs/position]
[tailwindcss.com/_next/static/chunks/pages/docs/position-865c79002c70003e.js]
[tailwindcss.com/docs/top-right-bottom-left]
[tailwindcss.com/_next/static/chunks/pages/docs/top-right-bottom-left-fb886c3b2b9a05ee.js]
[tailwindcss.com/docs/visibility]
[tailwindcss.com/_next/static/chunks/pages/docs/visibility-5c3d249214ef6af4.js]
[tailwindcss.com/docs/z-index]
[tailwindcss.com/_next/static/chunks/pages/docs/z-index-513a741c62d58dc0.js]
[tailwindcss.com/docs/flex-basis]
[tailwindcss.com/_next/static/chunks/pages/docs/flex-basis-8ea31f8a197d949b.js]
[tailwindcss.com/docs/flex-direction]
[tailwindcss.com/_next/static/chunks/pages/docs/flex-direction-fd6ae82f1ed73c3d.js]
[tailwindcss.com/docs/flex-wrap]
[tailwindcss.com/_next/static/chunks/pages/docs/flex-wrap-49494134f7a02a42.js]
[tailwindcss.com/docs/flex]
[tailwindcss.com/_next/static/chunks/pages/docs/flex-5e0f205f48a4d45e.js]
[tailwindcss.com/docs/flex-grow]
[tailwindcss.com/_next/static/chunks/pages/docs/flex-grow-9622343855663ca2.js]
[tailwindcss.com/docs/flex-shrink]
[tailwindcss.com/_next/static/chunks/pages/docs/flex-shrink-f32bfa63110c3853.js]
[tailwindcss.com/docs/order]
[tailwindcss.com/_next/static/chunks/pages/docs/order-27e102bcec945f68.js]
[tailwindcss.com/docs/grid-template-columns]
[tailwindcss.com/_next/static/chunks/pages/docs/grid-template-columns-3e8c6d31569d5ab2.js]
[tailwindcss.com/docs/grid-column]
[tailwindcss.com/_next/static/chunks/pages/docs/grid-column-8bb9ce828fa4d1aa.js]
[tailwindcss.com/docs/grid-template-rows]
[tailwindcss.com/_next/static/chunks/pages/docs/grid-template-rows-da82bb97f9f3ea00.js]
[tailwindcss.com/docs/grid-row]
[tailwindcss.com/_next/static/chunks/pages/docs/grid-row-e4740d9cef36e5ad.js]
[tailwindcss.com/docs/grid-auto-flow]
[tailwindcss.com/_next/static/chunks/pages/docs/grid-auto-flow-91ebd04194a9bbe4.js]
[tailwindcss.com/docs/grid-auto-columns]
[tailwindcss.com/_next/static/chunks/pages/docs/grid-auto-columns-c3faf02b59b850d5.js]
[tailwindcss.com/docs/grid-auto-rows]
[tailwindcss.com/_next/static/chunks/pages/docs/grid-auto-rows-f4260a9b9ffd877a.js]
[tailwindcss.com/docs/gap]
[tailwindcss.com/_next/static/chunks/pages/docs/gap-d0e7467bbad99b36.js]
[tailwindcss.com/docs/justify-content]
[tailwindcss.com/_next/static/chunks/pages/docs/justify-content-2dec4c3431cb45e7.js]
[tailwindcss.com/docs/justify-items]
[tailwindcss.com/_next/static/chunks/pages/docs/justify-items-4b86526ac2aa6595.js]
[tailwindcss.com/docs/justify-self]
[tailwindcss.com/_next/static/chunks/pages/docs/justify-self-dbe1c7c438d7ba7c.js]
[tailwindcss.com/docs/align-content]
[tailwindcss.com/_next/static/chunks/pages/docs/align-content-e2edee2a5a696b70.js]
[tailwindcss.com/docs/align-items]
[tailwindcss.com/_next/static/chunks/pages/docs/align-items-b30c6780713f6840.js]
[tailwindcss.com/docs/align-self]
[tailwindcss.com/_next/static/chunks/pages/docs/align-self-1232180762052193.js]
[tailwindcss.com/docs/place-content]
[tailwindcss.com/_next/static/chunks/pages/docs/place-content-0d39b387bf4f75c9.js]
[tailwindcss.com/docs/place-items]
[tailwindcss.com/_next/static/chunks/pages/docs/place-items-2619ff3c91983247.js]
[tailwindcss.com/docs/place-self]
[tailwindcss.com/_next/static/chunks/pages/docs/place-self-0c574b161a3ad9a9.js]
[tailwindcss.com/docs/padding]
[tailwindcss.com/_next/static/chunks/pages/docs/padding-aa97f4923a8f3649.js]
[tailwindcss.com/docs/margin]
[tailwindcss.com/_next/static/chunks/pages/docs/margin-42d46740cedcdb65.js]
[tailwindcss.com/docs/space]
[tailwindcss.com/_next/static/chunks/pages/docs/space-d4e1b6eb7f5e91cb.js]
[tailwindcss.com/docs/width]
[tailwindcss.com/_next/static/chunks/pages/docs/width-225203f967e2b12e.js]
[tailwindcss.com/docs/min-width]
[tailwindcss.com/_next/static/chunks/pages/docs/min-width-df6dcc7e972e47ec.js]
[tailwindcss.com/docs/max-width]
[tailwindcss.com/_next/static/chunks/pages/docs/max-width-b617ed8bfd310f12.js]
[tailwindcss.com/docs/height]
[tailwindcss.com/_next/static/chunks/pages/docs/height-bfe57caa7777bc73.js]
[tailwindcss.com/docs/min-height]
[tailwindcss.com/_next/static/chunks/pages/docs/min-height-8bee15ec47271b82.js]
[tailwindcss.com/docs/max-height]
[tailwindcss.com/_next/static/chunks/pages/docs/max-height-6abd69f153fd39a1.js]
[tailwindcss.com/docs/size]
[tailwindcss.com/_next/static/chunks/pages/docs/size-e85613ae77c67738.js]
[tailwindcss.com/docs/font-family]
[tailwindcss.com/_next/static/chunks/pages/docs/font-family-d99a362a3321aa06.js]
[tailwindcss.com/docs/font-size]
[tailwindcss.com/_next/static/chunks/pages/docs/font-size-bb62a45e12e11466.js]
[tailwindcss.com/docs/font-smoothing]
[tailwindcss.com/_next/static/chunks/pages/docs/font-smoothing-8c284298cda54644.js]
[tailwindcss.com/docs/font-style]
[tailwindcss.com/_next/static/chunks/pages/docs/font-style-2b3b273e160a3f4e.js]
[tailwindcss.com/docs/font-weight]
[tailwindcss.com/_next/static/chunks/pages/docs/font-weight-165dac02e1bef456.js]
[tailwindcss.com/docs/font-variant-numeric]
[tailwindcss.com/_next/static/chunks/pages/docs/font-variant-numeric-61053d4aa7b04d6a.js]
[tailwindcss.com/docs/letter-spacing]
[tailwindcss.com/_next/static/chunks/pages/docs/letter-spacing-94bc2be659c8a49a.js]
[tailwindcss.com/docs/line-clamp]
[tailwindcss.com/_next/static/chunks/pages/docs/line-clamp-c17808b30500192f.js]
[tailwindcss.com/docs/line-height]
[tailwindcss.com/_next/static/chunks/pages/docs/line-height-08a8acac6839f31d.js]
[tailwindcss.com/docs/list-style-image]
[tailwindcss.com/_next/static/chunks/pages/docs/list-style-image-fcd4b2522af78037.js]
[tailwindcss.com/docs/list-style-position]
[tailwindcss.com/_next/static/chunks/pages/docs/list-style-position-784cca5c05c4633e.js]
[tailwindcss.com/docs/list-style-type]
[tailwindcss.com/_next/static/chunks/pages/docs/list-style-type-0325ad4d524dc9ba.js]
[tailwindcss.com/docs/text-align]
[tailwindcss.com/_next/static/chunks/pages/docs/text-align-8d8e2697543ac708.js]
[tailwindcss.com/_next/static/chunks/5230-c7e717d49ba28914.js]
[tailwindcss.com/_next/static/chunks/pages/docs/text-color-fe1d14ca3dfed6a2.js]
[tailwindcss.com/docs/text-color]
[tailwindcss.com/docs/text-decoration]
[tailwindcss.com/_next/static/chunks/pages/docs/text-decoration-2310fc50860e360c.js]
[tailwindcss.com/_next/static/chunks/pages/docs/text-decoration-color-6325a588619aba5a.js]
[tailwindcss.com/docs/text-decoration-color]
[tailwindcss.com/docs/text-decoration-style]
[tailwindcss.com/_next/static/chunks/pages/docs/text-decoration-style-8aa15b94c9fb0cd0.js]
[tailwindcss.com/docs/text-decoration-thickness]
[tailwindcss.com/_next/static/chunks/pages/docs/text-decoration-thickness-bb1f2554c6fd291f.js]
[tailwindcss.com/docs/text-underline-offset]
[tailwindcss.com/_next/static/chunks/pages/docs/text-underline-offset-7b2cc94c8d1ac0ac.js]
[tailwindcss.com/docs/text-transform]
[tailwindcss.com/_next/static/chunks/pages/docs/text-transform-3041b7e8db6b8759.js]
[tailwindcss.com/docs/text-overflow]
[tailwindcss.com/_next/static/chunks/pages/docs/text-overflow-91a3554a15e51bbd.js]
[tailwindcss.com/docs/text-wrap]
[tailwindcss.com/_next/static/chunks/pages/docs/text-wrap-21281317cd7f7bec.js]
[tailwindcss.com/docs/text-indent]
[tailwindcss.com/_next/static/chunks/pages/docs/text-indent-a1b50dea6e6a3f62.js]
[tailwindcss.com/docs/vertical-align]
[tailwindcss.com/_next/static/chunks/pages/docs/vertical-align-97c12c2881b49148.js]
[tailwindcss.com/docs/whitespace]
[tailwindcss.com/_next/static/chunks/pages/docs/whitespace-6c9eaf90641c2ba7.js]
[tailwindcss.com/docs/word-break]
[tailwindcss.com/_next/static/chunks/pages/docs/word-break-ed8b91ad92044c0c.js]
[tailwindcss.com/docs/hyphens]
[tailwindcss.com/_next/static/chunks/pages/docs/hyphens-d127e37ae2d6cad6.js]
[tailwindcss.com/docs/content]
[tailwindcss.com/_next/static/chunks/pages/docs/content-5c3f506dc43942f1.js]
[tailwindcss.com/docs/background-attachment]
[tailwindcss.com/docs/background-clip]
[tailwindcss.com/_next/static/chunks/pages/docs/background-clip-9becf26b60fc048e.js]
[tailwindcss.com/_next/static/chunks/pages/docs/background-attachment-20cc43b1532cfed0.js]
[tailwindcss.com/_next/static/chunks/8805-dd42ad418ce0bb28.js]
[tailwindcss.com/_next/static/chunks/pages/docs/background-color-c5c246594f28afb7.js]
[tailwindcss.com/docs/background-color]
[tailwindcss.com/docs/background-origin]
[tailwindcss.com/_next/static/chunks/pages/docs/background-origin-6572117b8766b9a7.js]
[tailwindcss.com/docs/background-position]
[tailwindcss.com/_next/static/chunks/pages/docs/background-position-a8e2fcea9948d2a6.js]
[tailwindcss.com/docs/background-repeat]
[tailwindcss.com/_next/static/chunks/pages/docs/background-repeat-7c3ad23d19b35ea2.js]
[tailwindcss.com/docs/background-size]
[tailwindcss.com/_next/static/chunks/pages/docs/background-size-6ff8d8d1e5a22866.js]
[tailwindcss.com/docs/background-image]
[tailwindcss.com/_next/static/chunks/pages/docs/background-image-025556e4c4e1f427.js]
[tailwindcss.com/_next/static/chunks/2139-cf1702b28fbf588a.js]
[tailwindcss.com/_next/static/chunks/pages/docs/gradient-color-stops-23560abb8b7e5396.js]
[tailwindcss.com/docs/gradient-color-stops]
[tailwindcss.com/docs/border-radius]
[tailwindcss.com/_next/static/chunks/pages/docs/border-radius-06352c03121f5a54.js]
[tailwindcss.com/docs/border-width]
[tailwindcss.com/_next/static/chunks/pages/docs/border-width-622e86f6a9c38dd6.js]
[tailwindcss.com/_next/static/chunks/9d72ad27-e0f3b465cf1453da.js]
[tailwindcss.com/_next/static/chunks/pages/docs/border-color-d5c156f6227af15e.js]
[tailwindcss.com/docs/border-color]
[tailwindcss.com/docs/border-style]
[tailwindcss.com/_next/static/chunks/pages/docs/border-style-e2e3bcc8613849bd.js]
[tailwindcss.com/docs/divide-width]
[tailwindcss.com/_next/static/chunks/pages/docs/divide-width-765ac3d9cb0471c1.js]
[tailwindcss.com/_next/static/chunks/5989-ccbe1c1d6e35977b.js]
[tailwindcss.com/_next/static/chunks/pages/docs/divide-color-d0efd4658739a011.js]
[tailwindcss.com/docs/divide-color]
[tailwindcss.com/docs/divide-style]
[tailwindcss.com/_next/static/chunks/pages/docs/divide-style-a04b90908407b6fa.js]
[tailwindcss.com/docs/outline-width]
[tailwindcss.com/_next/static/chunks/pages/docs/outline-width-242c038273ca164e.js]
[tailwindcss.com/_next/static/chunks/pages/docs/outline-color-fb9576b2153e8114.js]
[tailwindcss.com/docs/outline-color]
[tailwindcss.com/docs/outline-style]
[tailwindcss.com/_next/static/chunks/pages/docs/outline-style-3ce17d2886b8e6b0.js]
[tailwindcss.com/docs/outline-offset]
[tailwindcss.com/_next/static/chunks/pages/docs/outline-offset-a700140b6aeb5750.js]
[tailwindcss.com/_next/static/chunks/pages/docs/ring-width-071d63b766ec9767.js]
[tailwindcss.com/docs/ring-color#changing-the-opacity]
[tailwindcss.com/docs/ring-width]
[tailwindcss.com/_next/static/chunks/1053-8c19a5f60b07999d.js]
[tailwindcss.com/_next/static/chunks/pages/docs/ring-color-1573a3824fecec87.js]
[tailwindcss.com/docs/ring-color]
[tailwindcss.com/docs/ring-offset-width]
[tailwindcss.com/_next/static/chunks/pages/docs/ring-offset-width-e1c87967bccd68f3.js]
[tailwindcss.com/_next/static/chunks/pages/docs/ring-offset-color-208ccbcc04304d22.js]
[tailwindcss.com/docs/ring-offset-color]
[tailwindcss.com/docs/box-shadow]
[tailwindcss.com/_next/static/chunks/pages/docs/box-shadow-0e760201528b55ed.js]
[tailwindcss.com/_next/static/chunks/4674-f7e0b0355a0e2e5c.js]
[tailwindcss.com/_next/static/chunks/pages/docs/box-shadow-color-d0e595535baaa683.js]
[tailwindcss.com/docs/box-shadow-color]
[tailwindcss.com/docs/opacity]
[tailwindcss.com/_next/static/chunks/pages/docs/opacity-0753a4c61cc7b093.js]
[tailwindcss.com/docs/mix-blend-mode]
[tailwindcss.com/_next/static/chunks/pages/docs/mix-blend-mode-fa3e397a729a2e76.js]
[tailwindcss.com/docs/background-blend-mode]
[tailwindcss.com/_next/static/chunks/pages/docs/background-blend-mode-e3774d999c2fb3e1.js]
[tailwindcss.com/docs/blur]
[tailwindcss.com/_next/static/chunks/pages/docs/blur-70bdca0db47c6ebd.js]
[tailwindcss.com/docs/brightness]
[tailwindcss.com/_next/static/chunks/pages/docs/brightness-f1ccee15f9ad04e2.js]
[tailwindcss.com/docs/contrast]
[tailwindcss.com/_next/static/chunks/pages/docs/contrast-b30c57631aefe1d6.js]
[tailwindcss.com/docs/drop-shadow]
[tailwindcss.com/_next/static/chunks/pages/docs/drop-shadow-57ddea53534b76da.js]
[tailwindcss.com/docs/grayscale]
[tailwindcss.com/_next/static/chunks/pages/docs/grayscale-a7742d7032fbb516.js]
[tailwindcss.com/docs/hue-rotate]
[tailwindcss.com/_next/static/chunks/pages/docs/hue-rotate-a2f4f0e65d4bf0af.js]
[tailwindcss.com/docs/invert]
[tailwindcss.com/docs/saturate]
[tailwindcss.com/_next/static/chunks/pages/docs/saturate-5e42c3e30cb04e2f.js]
[tailwindcss.com/_next/static/chunks/pages/docs/invert-1ccf12365101cef0.js]
[tailwindcss.com/docs/sepia]
[tailwindcss.com/_next/static/chunks/pages/docs/sepia-a329c5fcb3d728ad.js]
[tailwindcss.com/docs/backdrop-blur]
[tailwindcss.com/_next/static/chunks/pages/docs/backdrop-blur-e9f821acbfed973c.js]
[tailwindcss.com/docs/backdrop-brightness]
[tailwindcss.com/_next/static/chunks/pages/docs/backdrop-brightness-d31c9c77818aaa25.js]
[tailwindcss.com/docs/backdrop-contrast]
[tailwindcss.com/_next/static/chunks/pages/docs/backdrop-contrast-5786476858f29b71.js]
[tailwindcss.com/docs/backdrop-grayscale]
[tailwindcss.com/_next/static/chunks/pages/docs/backdrop-grayscale-47ce2e96ae3c638e.js]
[tailwindcss.com/docs/backdrop-hue-rotate]
[tailwindcss.com/_next/static/chunks/pages/docs/backdrop-hue-rotate-dbcc843e923ceb53.js]
[tailwindcss.com/docs/backdrop-invert]
[tailwindcss.com/_next/static/chunks/pages/docs/backdrop-invert-1b45f0e9b9752a95.js]
[tailwindcss.com/docs/backdrop-opacity]
[tailwindcss.com/_next/static/chunks/pages/docs/backdrop-opacity-c5308c8d2f7f4b71.js]
[tailwindcss.com/docs/backdrop-saturate]
[tailwindcss.com/_next/static/chunks/pages/docs/backdrop-saturate-89108a5acef356a0.js]
[tailwindcss.com/docs/backdrop-sepia]
[tailwindcss.com/_next/static/chunks/pages/docs/backdrop-sepia-8b1f619548e92fab.js]
[tailwindcss.com/docs/border-collapse]
[tailwindcss.com/_next/static/chunks/pages/docs/border-collapse-5d009c4d520eb9b5.js]
[tailwindcss.com/docs/border-spacing]
[tailwindcss.com/_next/static/chunks/pages/docs/border-spacing-522022a1e5a13d7b.js]
[tailwindcss.com/docs/table-layout]
[tailwindcss.com/_next/static/chunks/pages/docs/table-layout-a86a29a33c183135.js]
[tailwindcss.com/docs/caption-side]
[tailwindcss.com/_next/static/chunks/pages/docs/caption-side-829df3b55bb88011.js]
[tailwindcss.com/docs/transition-property]
[tailwindcss.com/_next/static/chunks/pages/docs/transition-property-269da180a815418e.js]
[tailwindcss.com/docs/transition-duration]
[tailwindcss.com/_next/static/chunks/pages/docs/transition-duration-d74dd57ae3fb9ca2.js]
[tailwindcss.com/docs/transition-timing-function]
[tailwindcss.com/_next/static/chunks/pages/docs/transition-timing-function-1c66fb64c00eb80c.js]
[tailwindcss.com/docs/transition-delay]
[tailwindcss.com/_next/static/chunks/pages/docs/transition-delay-8dc8140d131923cf.js]
[tailwindcss.com/docs/animation]
[tailwindcss.com/_next/static/chunks/pages/docs/animation-2c526f8b345f930c.js]
[tailwindcss.com/docs/scale]
[tailwindcss.com/_next/static/chunks/pages/docs/scale-406a2c3b0f1718cb.js]
[tailwindcss.com/docs/rotate]
[tailwindcss.com/_next/static/chunks/pages/docs/rotate-105ae56a814d8871.js]
[tailwindcss.com/_next/static/chunks/1227-104f2f3c5f0ddf68.js]
[tailwindcss.com/docs/translate]
[tailwindcss.com/_next/static/chunks/pages/docs/translate-a810cd5396ac4bb4.js]
[tailwindcss.com/docs/skew]
[tailwindcss.com/_next/static/chunks/pages/docs/skew-65efaa7e188e4d18.js]
[tailwindcss.com/docs/transform-origin]
[tailwindcss.com/_next/static/chunks/pages/docs/transform-origin-f4b55123a72f8fdf.js]
[tailwindcss.com/_next/static/chunks/pages/docs/accent-color-fc998d29e19a8981.js]
[tailwindcss.com/docs/accent-color]
[tailwindcss.com/_next/static/chunks/pages/docs/appearance-ff347276c35d3a80.js]
[tailwindcss.com/docs/appearance]
[tailwindcss.com/docs/cursor]
[tailwindcss.com/_next/static/chunks/pages/docs/cursor-f8b50fd5163f1227.js]
[tailwindcss.com/_next/static/chunks/pages/docs/caret-color-a5186b0e795bbf3d.js]
[tailwindcss.com/docs/caret-color]
[tailwindcss.com/docs/pointer-events]
[tailwindcss.com/_next/static/chunks/pages/docs/pointer-events-de7f2ec673bf28bc.js]
[tailwindcss.com/docs/resize]
[tailwindcss.com/_next/static/chunks/pages/docs/resize-0cdad7d518be2600.js]
[tailwindcss.com/docs/scroll-behavior]
[tailwindcss.com/_next/static/chunks/pages/docs/scroll-behavior-6be56da44fef454e.js]
[tailwindcss.com/docs/scroll-margin]
[tailwindcss.com/_next/static/chunks/pages/docs/scroll-margin-3b3f447c937ad9e5.js]
[tailwindcss.com/_next/static/chunks/7729-676ca7ef0a771ed8.js]
[tailwindcss.com/_next/static/chunks/9136-e30d41b21e1d37f0.js]
[tailwindcss.com/docs/scroll-padding]
[tailwindcss.com/_next/static/chunks/pages/docs/scroll-padding-e81895fb1eb2f828.js]
[tailwindcss.com/docs/scroll-snap-align]
[tailwindcss.com/_next/static/chunks/pages/docs/scroll-snap-align-b4a3d35b90adb67e.js]
[tailwindcss.com/docs/scroll-snap-stop]
[tailwindcss.com/_next/static/chunks/pages/docs/scroll-snap-stop-bf6167b0211e2a50.js]
[tailwindcss.com/docs/scroll-snap-type]
[tailwindcss.com/_next/static/chunks/pages/docs/scroll-snap-type-e49a72b66cc66418.js]
[tailwindcss.com/docs/touch-action]
[tailwindcss.com/_next/static/chunks/pages/docs/touch-action-5424742ed19f01b4.js]
[tailwindcss.com/docs/user-select]
[tailwindcss.com/_next/static/chunks/pages/docs/user-select-a5dd92c87de34bf4.js]
[tailwindcss.com/docs/will-change]
[tailwindcss.com/_next/static/chunks/pages/docs/will-change-332fe8a9da4ce61d.js]
[tailwindcss.com/_next/static/chunks/pages/docs/fill-cb9e78556206e0dd.js]
[tailwindcss.com/docs/fill]
[tailwindcss.com/_next/static/chunks/pages/docs/stroke-04dcd670ea7472d1.js]
[tailwindcss.com/docs/stroke]
[tailwindcss.com/docs/stroke-width]
[tailwindcss.com/_next/static/chunks/pages/docs/stroke-width-9a5257a057489acc.js]
[tailwindcss.com/docs/screen-readers]
[tailwindcss.com/_next/static/chunks/pages/docs/screen-readers-13ad77a4fdc00426.js]
[tailwindcss.com/_next/static/chunks/pages/docs/forced-color-adjust-b134bb07b2d39998.js]
[tailwindui.com/img/ecommerce-images/shopping-cart-page-01-product-02.jpg]
[tailwindcss.com/docs/forced-color-adjust]
[tailwindcss.com/docs/installation/using-postcss.html]
[tailwindcss.com/_next/static/chunks/pages/docs/installation/framework-guides-223ee037faa5b21e.js]
[tailwindcss.com/_next/static/chunks/pages/docs/installation/using-postcss-b397b89cbed32ff6.js]
[tailwindcss.com/docs/guides/nextjs.html]
[tailwindcss.com/docs/guides/laravel.html]
[tailwindcss.com/docs/guides/vite.html]
[tailwindcss.com/docs/guides/nuxtjs.html]
[tailwindcss.com/docs/guides/gatsby.html]
[tailwindcss.com/docs/guides/solidjs.html]
[tailwindcss.com/docs/guides/sveltekit.html]
[tailwindcss.com/docs/guides/angular.html]
[tailwindcss.com/docs/guides/ruby-on-rails.html]
[tailwindcss.com/docs/guides/remix.html]
[tailwindcss.com/docs/guides/phoenix.html]
[tailwindcss.com/docs/guides/parcel.html]
[tailwindcss.com/docs/guides/symfony.html]
[tailwindcss.com/docs/guides/meteor.html]
[tailwindcss.com/docs/guides/create-react-app.html]
[tailwindcss.com/docs/guides/adonisjs.html]
[tailwindcss.com/docs/guides/emberjs.html]
[tailwindcss.com/docs/guides/astro.html]
[tailwindcss.com/docs/guides/qwik.html]
[tailwindcss.com/docs/installation/framework-guides]
[tailwindcss.com/docs/guides/rspack.html]
[tailwindcss.com/docs/installation/play-cdn.html]
[tailwindcss.com/404]
[tailwindcss.com/_next/static/chunks/pages/docs/installation/play-cdn-11b11611df7b2036.js]
[tailwindcss.com/_next/static/media/0.2a25f0af.jpg]
[tailwindcss.com/_next/static/media/0-dark@tinypng.74768a0b.png]
[tailwindcss.com/_next/static/media/1.9a971f31.jpg]
[tailwindcss.com/_next/static/media/1-dark@tinypng.a99d6c93.png]
[tailwindcss.com/_next/static/media/2.5bc438ba.jpg]
[tailwindcss.com/_next/static/media/3.9393e3b9.jpg]
[tailwindcss.com/_next/static/media/4.cf249882.jpg]
[tailwindcss.com/_next/static/media/4-dark@tinypng.cacfac06.png]
[tailwindcss.com/_next/static/media/5.de153055.jpg]
[tailwindcss.com/_next/static/media/5-dark@tinypng.ad8b3713.png]
[tailwindcss.com/_next/static/media/6.36962145.jpg]
[tailwindcss.com/_next/static/media/6-dark@tinypng.85de78ac.png]
[tailwindcss.com/_next/static/media/7.6cf74814.jpg]
[tailwindcss.com/_next/static/media/7-dark@tinypng.22f91747.png]
[tailwindcss.com/_next/static/media/8.de377256.jpg]
[tailwindcss.com/_next/static/media/8-dark@tinypng.7abc66a1.png]
[tailwindcss.com/_next/static/css/f632346b72d80b26.css]
[github.githubassets.com/assets/dark-4589f64a2275.css]
[github.githubassets.com/assets/dark_dimmed-a7246d2d6733.css]
[github.githubassets.com/assets/dark_high_contrast-f2ef05cef2f1.css]
[github.githubassets.com/assets/dark_colorblind-daa1fe317131.css]
[github.githubassets.com/assets/light_colorblind-1ab6fcc64845.css]
[github.githubassets.com/assets/light_high_contrast-46de871e876c.css]
[github.githubassets.com/assets/light_tritanopia-c9754fef2a31.css]
[github.githubassets.com/assets/dark_tritanopia-dba748981a29.css]
[github.githubassets.com/assets/primer-primitives-4cbeaa0795ef.css]
[github.githubassets.com/assets/primer-87f353b17355.css]
[github.githubassets.com/assets/global-b169e665f6fa.css]
[github.githubassets.com/assets/github-f1af66156f94.css]
[github.githubassets.com/assets/repository-2e900f0ac288.css]
[github.githubassets.com/assets/code-ac15a98582bf.css]
[github.githubassets.com/assets/wp-runtime-e05dcf78ba7f.js]
[github.githubassets.com/assets/vendors-node_modules_dompurify_dist_purify_js-810e4b1b9abd.js]
[github.githubassets.com/assets/vendors-node_modules_oddbird_popover-polyfill_dist_popover_js-4ac41d0a76fd.js]
[github.githubassets.com/assets/vendors-node_modules_smoothscroll-polyfill_dist_smoothscroll_js-node_modules_stacktrace-parse-a448e4-bdc28e06dc01.js]
[github.githubassets.com/assets/environment-65dcc25bed15.js]
[github.githubassets.com/assets/vendors-node_modules_primer_behaviors_dist_esm_focus-zone_js-f669b9466f06.js]
[github.githubassets.com/assets/vendors-node_modules_github_selector-observer_dist_index_esm_js-9f960d9b217c.js]
[github.githubassets.com/assets/vendors-node_modules_github_combobox-nav_dist_index_js-node_modules_github_markdown-toolbar-e-820fc0-1176135e4d90.js]
[github.githubassets.com/assets/vendors-node_modules_github_auto-complete-element_dist_index_js-node_modules_github_catalyst_-392fe4-5df1d85d02da.js]
[github.githubassets.com/assets/vendors-node_modules_github_text-expander-element_dist_index_js-b2135edb5ced.js]
[github.githubassets.com/assets/vendors-node_modules_github_filter-input-element_dist_index_js-node_modules_github_remote-inp-b7d8f4-6e6f83bcc978.js]
[github.githubassets.com/assets/vendors-node_modules_github_mini-throttle_dist_index_js-node_modules_delegated-events_dist_in-b63d41-1e3984e4dd2f.js]
[github.githubassets.com/assets/vendors-node_modules_github_file-attachment-element_dist_index_js-node_modules_primer_view-co-3959a9-1ccb1cef5682.js]
[github.githubassets.com/assets/app_assets_modules_github_onfocus_ts-ui_packages_trusted-types-policies_policy_ts-ui_packages-6fe316-4083e7233d28.js]
[github.githubassets.com/assets/github-elements-c9cd2492b1b3.js]
[github.githubassets.com/assets/element-registry-9d0463539b74.js]
[github.githubassets.com/assets/vendors-node_modules_braintree_browser-detection_dist_browser-detection_js-node_modules_githu-fd5530-79ffdad54bcd.js]
[github.githubassets.com/assets/vendors-node_modules_morphdom_dist_morphdom-esm_js-node_modules_github_memoize_dist_esm_index_js-8d7117d67c36.js]
[github.githubassets.com/assets/vendors-node_modules_lit-html_lit-html_js-cc7cb714ead5.js]
[github.githubassets.com/assets/vendors-node_modules_github_remote-form_dist_index_js-node_modules_delegated-events_dist_inde-893f9f-880ac2bbb719.js]
[github.githubassets.com/assets/vendors-node_modules_scroll-anchoring_dist_scroll-anchoring_esm_js-node_modules_github_hotkey-1a1d91-1bb71f3f93c2.js]
[github.githubassets.com/assets/vendors-node_modules_color-convert_index_js-cdd1e82b3795.js]
[github.githubassets.com/assets/vendors-node_modules_primer_behaviors_dist_esm_dimensions_js-node_modules_github_jtml_lib_index_js-b1947a1d4855.js]
[github.githubassets.com/assets/vendors-node_modules_github_session-resume_dist_index_js-node_modules_primer_behaviors_dist_e-da6ec6-77ce2f267f4e.js]
[github.githubassets.com/assets/vendors-node_modules_github_quote-selection_dist_index_js-node_modules_github_textarea-autosi-9e0349-7c78ee755ad3.js]
[github.githubassets.com/assets/app_assets_modules_github_updatable-content_ts-7fcc5f2841d8.js]
[github.githubassets.com/assets/app_assets_modules_github_behaviors_task-list_ts-app_assets_modules_github_onfocus_ts-app_ass-421cec-d3af2356fb47.js]
[github.githubassets.com/assets/vendors-node_modules_github_turbo_dist_turbo_es2017-esm_js-1cea0f5eff45.js]
[github.githubassets.com/assets/app_assets_modules_github_sticky-scroll-into-view_ts-3dc342dedcb0.js]
[github.githubassets.com/assets/app_assets_modules_github_behaviors_ajax-error_ts-app_assets_modules_github_behaviors_include-467754-0b06f9573e1c.js]
[github.githubassets.com/assets/app_assets_modules_github_behaviors_commenting_edit_ts-app_assets_modules_github_behaviors_ht-83c235-5276a3faf037.js]
[github.githubassets.com/assets/vendors-node_modules_delegated-events_dist_index_js-node_modules_github_catalyst_lib_index_js-06ff531-2ea61fcc9a71.js]
[github.githubassets.com/assets/behaviors-968375ea793c.js]
[github.githubassets.com/assets/notifications-global-0409f6303340.js]
[github.githubassets.com/assets/app_assets_modules_github_repositories_get-repo-element_ts-e21ae6671295.js]
[github.githubassets.com/assets/code-menu-67595c3a6d0c.js]
[github.githubassets.com/assets/react-lib-dc88c1a68b28.js]
[github.githubassets.com/assets/vendors-node_modules_primer_react_lib-esm_FeatureFlags_FeatureFlags_js-node_modules_github_ca-9009bd-47065f21e9ac.js]
[github.githubassets.com/assets/vendors-node_modules_primer_react_lib-esm_Box_Box_js-5a335cbe71ad.js]
[github.githubassets.com/assets/vendors-node_modules_primer_react_lib-esm_Button_Button_js-618154c88198.js]
[github.githubassets.com/assets/vendors-node_modules_primer_octicons-react_dist_index_esm_js-node_modules_primer_react_lib-es-541a38-2ad77ede4dad.js]
[github.githubassets.com/assets/vendors-node_modules_primer_react_lib-esm_TooltipV2_Tooltip_js-98aea6945770.js]
[github.githubassets.com/assets/vendors-node_modules_primer_react_node_modules_primer_octicons-react_dist_index_esm_mjs-dc98a76c65d6.js]
[github.githubassets.com/assets/vendors-node_modules_primer_react_lib-esm_TextInput_TextInput_js-57e9c5f82efe.js]
[github.githubassets.com/assets/vendors-node_modules_primer_react_lib-esm_FormControl_FormControl_js-0c2e219e6035.js]
[github.githubassets.com/assets/vendors-node_modules_primer_react_lib-esm_ActionMenu_ActionMenu_js-node_modules_primer_react_-5b2420-3d111386e1c1.js]
[github.githubassets.com/assets/vendors-node_modules_react-router-dom_dist_index_js-2b1dbeadb6d4.js]
[github.githubassets.com/assets/vendors-node_modules_primer_react_lib-esm_ActionList_index_js-a2fe8fc7236e.js]
[github.githubassets.com/assets/vendors-node_modules_primer_react_lib-esm_Link_Link_js-node_modules_primer_react_lib-esm_Rela-a903d7-17c01d44f123.js]
[github.githubassets.com/assets/vendors-node_modules_primer_react_lib-esm_Heading_Heading_js-node_modules_primer_react_lib-es-8280c5-4772b28bff07.js]
[github.githubassets.com/assets/vendors-node_modules_primer_react_lib-esm_ConfirmationDialog_ConfirmationDialog_js-1811321a7c22.js]
[github.githubassets.com/assets/vendors-node_modules_primer_react_lib-esm_PageLayout_PageLayout_js-node_modules_github_hydro--f8521d-a461a484b308.js]
[github.githubassets.com/assets/vendors-node_modules_primer_react_lib-esm_TreeView_TreeView_js-9456d871c361.js]
[github.githubassets.com/assets/vendors-node_modules_primer_react_lib-esm_AvatarStack_AvatarStack_js-node_modules_primer_reac-21d8ca-f2ca17197cdd.js]
[github.githubassets.com/assets/ui_packages_react-core_register-app_ts-a7b9de7616e6.js]
[github.githubassets.com/assets/ui_packages_react-core_create-browser-history_ts-ui_packages_safe-storage_safe-storage_ts-ui_-682c2c-44ed51a2083d.js]
[github.githubassets.com/assets/ui_packages_paths_index_ts-d30e09039de9.js]
[github.githubassets.com/assets/ui_packages_ref-selector_RefSelector_tsx-84a0dce6bcb2.js]
[github.githubassets.com/assets/ui_packages_code-view-shared_hooks_shortcuts_ts-ui_packages_commit-attribution_index_ts-ui_pa-e33d1b-9311565c937c.js]
[github.githubassets.com/assets/app_assets_modules_github_blob-anchor_ts-app_assets_modules_github_filter-sort_ts-app_assets_-e50ab6-06193ffb3fd6.js]
[github.githubassets.com/assets/ui_packages_code-view-shared_components_files-search_FileResultsList_tsx-11b1a83d8b93.js]
[github.githubassets.com/assets/app_assets_modules_react-shared_hooks_use-canonical-object_ts-ui_packages_code-view-shared_ho-7d1336-ffa29d1b0cd7.js]
[github.githubassets.com/assets/react-code-view.98a0f4bdacd6223a0b70.module.css]
[github.com/fluidicon.png]
[github.com/tailwindlabs/tailwindcss/blob/master/stubs/config.full.html]
[github.githubassets.com/assets/react-code-view-ffd23841034e.js]
[unpkg.com/tailwindcss@3.4.4/src/css/preflight.css]
[tailwindcss.com/docs/404]
[tailwindcss.com/docs/guides/nextjs.html]
[tailwindcss.com/_next/static/chunks/pages/docs/guides/nextjs-f60e59ba0131eb45.js]
[tailwindcss.com/_next/static/chunks/pages/docs/guides/laravel-e450fbf30092c329.js]
[tailwindcss.com/docs/guides/resources/css/app.css]
[tailwindcss.com/docs/guides/css/app.css]
[tailwindcss.com/docs/guides/laravel.html]
[tailwindcss.com/docs/guides/vite.html]
[tailwindcss.com/_next/static/chunks/pages/docs/guides/vite-58962d4e37418460.js]
[tailwindcss.com/docs/guides/nuxtjs.html]
[tailwindcss.com/_next/static/chunks/pages/docs/guides/nuxtjs-d7995f0798d946b4.js]
[tailwindcss.com/docs/guides/gatsby.html]
[tailwindcss.com/_next/static/chunks/pages/docs/guides/gatsby-3325fd4dc8abd32c.js]
[tailwindcss.com/docs/guides/solidjs.html]
[tailwindcss.com/_next/static/chunks/pages/docs/guides/solidjs-082eb3b94c411ee8.js]
[tailwindcss.com/docs/guides/sveltekit.html]
[tailwindcss.com/_next/static/chunks/pages/docs/guides/sveltekit-176174da156756ac.js]
[tailwindcss.com/docs/guides/angular.html]
[tailwindcss.com/docs/guides/ruby-on-rails.html]
[tailwindcss.com/_next/static/chunks/pages/docs/guides/ruby-on-rails-96b67de044a420bf.js]
[tailwindcss.com/_next/static/chunks/pages/docs/guides/angular-eb665e2c01adba0a.js]
[tailwindcss.com/docs/guides/remix.html]
[tailwindcss.com/_next/static/chunks/pages/docs/guides/remix-62317fa1e61aecea.js]
[tailwindcss.com/docs/guides/phoenix.html]
[tailwindcss.com/_next/static/chunks/pages/docs/guides/phoenix-34290327148aa960.js]
[tailwindcss.com/_next/static/chunks/pages/docs/guides/parcel-a321c0bfa9969826.js]
[tailwindcss.com/docs/guides/npx parcel src/index.html]
[tailwindcss.com/docs/guides/parcel.html]
[tailwindcss.com/docs/guides/symfony.html]
[tailwindcss.com/_next/static/chunks/pages/docs/guides/symfony-42fd2524867696f7.js]
[tailwindcss.com/docs/guides/meteor.html]
[tailwindcss.com/_next/static/chunks/pages/docs/guides/meteor-ac81993a27855b0b.js]
[tailwindcss.com/docs/guides/create-react-app.html]
[tailwindcss.com/_next/static/chunks/pages/docs/guides/create-react-app-83bd5017f715d90f.js]
[tailwindcss.com/docs/guides/adonisjs.html]
[tailwindcss.com/_next/static/chunks/pages/docs/guides/adonisjs-b8ab199bfd2a678e.js]
[tailwindcss.com/docs/guides/emberjs.html]
[tailwindcss.com/_next/static/chunks/pages/docs/guides/emberjs-d53084ff1fffeff3.js]
[tailwindcss.com/docs/guides/astro.html]
[tailwindcss.com/_next/static/chunks/pages/docs/guides/astro-3a2aebe382e8cd5c.js]
[tailwindcss.com/docs/guides/qwik.html]
[tailwindcss.com/_next/static/chunks/pages/docs/guides/qwik-eb316e6e47536f83.js]
[tailwindcss.com/docs/guides/rspack.html]
[github.githubassets.com/assets/dark-4589f64a2275.css]
[github.githubassets.com/assets/dark_dimmed-a7246d2d6733.css]
[github.githubassets.com/assets/dark_high_contrast-f2ef05cef2f1.css]
[github.githubassets.com/assets/dark_colorblind-daa1fe317131.css]
[github.githubassets.com/assets/light_colorblind-1ab6fcc64845.css]
[github.githubassets.com/assets/light_high_contrast-46de871e876c.css]
[github.githubassets.com/assets/light_tritanopia-c9754fef2a31.css]
[github.githubassets.com/assets/dark_tritanopia-dba748981a29.css]
[github.githubassets.com/assets/primer-primitives-4cbeaa0795ef.css]
[github.githubassets.com/assets/primer-87f353b17355.css]
[tailwindcss.com/_next/static/chunks/pages/docs/guides/rspack-012ecc8b98fec092.js]
[github.githubassets.com/assets/light-f552bab6ce72.css]
[github.githubassets.com/assets/octocat-spinner-16px-EAF2F5-8b50b1cd56db.gif]
[github.githubassets.com/assets/octocat-spinner-32-EAF2F5-ada8eb30dd92.gif]
[github.githubassets.com/assets/background-yellowhatch-v3-ffd8c31a935a.png]
[github.githubassets.com/assets/octocat-spinner-16px-52b21dd0a90e.gif]
[github.githubassets.com/assets/error-27e08d342a06.png]
[github.githubassets.com/assets/octocat-spinner-32-36e32e38816e.gif]
[github.githubassets.com/assets/error@2x-92d4bca0a053.png]
[github.githubassets.com/assets/global-b169e665f6fa.css]
[github.githubassets.com/assets/octocat-spinner-64-5a4957be9e70.gif]
[github.githubassets.com/assets/trans_bg-b507cc0d0e5d.gif]
[github.githubassets.com/assets/octocat-spinner-128-9d4bc3602169.gif]
[github.githubassets.com/assets/projects-beta-banner-mobile-d1fa5b9e56f6.png]
[github.githubassets.com/assets/projects-beta-banner-d9365bcc4da8.png]
[github.githubassets.com/assets/projects-beta-banner-dark-fc370172a740.png]
[github.githubassets.com/assets/heart-explosion-9235d9b294df.png]
[github.githubassets.com/assets/github-f1af66156f94.css]
[github.githubassets.com/assets/ds-actions-prompt-banner-mobile-e5e057312e9f.png]
[github.githubassets.com/assets/ds-actions-prompt-banner-708e9c012f66.png]
[github.githubassets.com/assets/ds-actions-prompt-banner-mobile-dark-3f109897c743.png]
[github.githubassets.com/assets/ds-actions-prompt-banner-dark-7b6a0129760b.png]
[github.githubassets.com/assets/repository-2e900f0ac288.css]
[github.githubassets.com/assets/code-ac15a98582bf.css]
[github.githubassets.com/assets/react-code-view.98a0f4bdacd6223a0b70.module.css]
[tailwindcss.com/docs/guides/resources/css/404]
[tailwindcss.com/docs/guides/css/404]
[tailwindcss.com/docs/guides/npx parcel src/404]
[github.githubassets.com/assets/light-f552bab6ce72.css]
[github.githubassets.com/assets/progressive-disclosure-line-7908f33fc4c6.svg]
[github.githubassets.com/assets/progressive-disclosure-line-dark-b31a1fc5e932.svg]
[github.githubassets.com/assets/octocat-spinner-darkmode-621ec25df5e9.svg]
[github.githubassets.com/assets/octocat-spinner-lightmode-3ac6fd33ead5.svg]
[github.githubassets.com/assets/rules-promo-banner-light-mobile-915fa9def8af.svg]
[github.githubassets.com/assets/rules-promo-banner-light-f2faab0aacee.svg]
[github.githubassets.com/assets/rules-promo-banner-dark-mobile-907c0c4a458d.svg]
[github.githubassets.com/assets/rules-promo-banner-dark-51278c312ec0.svg]
